{"runInfo": [{"value": "/illumina/sync/software/groups/hap.py/latest/hap.py/hap.py-v0.3.10/bin/som.py /home/mgonzalez/workspace/git/hap.py/example/sompy/PG_admix_truth_grch38_snvs.vcf.gz /home/mgonzalez/workspace/git/hap.py/example/sompy/strelka_grch38_admix_pass_snvs.vcf.gz -o sompy.strelka_grch38_admix_pass_snvs_af -P -f /home/mgonzalez/workspace/git/hap.py/example/sompy/FP_admix_grch38.bed.gz --feature-table hcc.strelka.snv --count-unk --verbose --bin-afs --af-binsize 0.1 --af-truth T_AF", "key": "commandline"}], "metrics": [{"data": [{"values": [1, 5, 0, 0, 0, 0, 0, 0, 0, 0, 0, 0, 0, 0, 0, 0], "type": "string", "id": "types", "label": "types"}, {"values": [0, 0, 0, 0, 0, 0, 0, 0, 0, 0, 0, 0, 0, 0, 0, 0], "type": "int64", "id": "ambi", "label": "ambi"}, {"values": [2005, 2005, 0, 0, 0, 0, 0, 0, 0, 0, 0, 0, 0, 0, 0, 0], "type": "int64", "id": "fn", "label": "fn"}, {"values": [66, 66, 40, 12, 5, 3, 5, 0, 0, 40, 12, 5, 3, 5, 0, 0], "type": "int64", "id": "fp", "label": "fp"}, {"values": [15560, 15560, 1072, 4987, 6344, 1290, 1482, 352, 22, 1072, 4987, 6344, 1290, 1482, 352, 22], "type": "int64", "id": "total.query", "label": "total.query"}, {"values": [15580, 15580, 190, 4402, 6120, 1124, 1394, 331, 14, 190, 4402, 6120, 1124, 1394, 331, 14], "type": "int64", "id": "total.truth", "label": "total.truth"}, {"values": [13575, 13575, 190, 4402, 6120, 1124, 1394, 331, 14, 190, 4402, 6120, 1124, 1394, 331, 14], "type": "int64", "id": "tp", "label": "tp"}, {"values": ["SNVs", "records", "records.0.000000-0.100000", "records.0.100000-0.200000", "records.0.200000-0.300000", "records.0.300000-0.400000", "records.0.400000-0.500000", "records.0.500000-0.600000", "records.0.600000-0.700000", "SNVs.0.000000-0.100000", "SNVs.0.100000-0.200000", "SNVs.0.200000-0.300000", "SNVs.0.300000-0.400000", "SNVs.0.400000-0.500000", "SNVs.0.500000-0.600000", "SNVs.0.600000-0.700000"], "type": "string", "id": "type", "label": "type"}, {"values": [1919, 1919, 842, 573, 219, 163, 83, 21, 8, 842, 573, 219, 163, 83, 21, 8], "type": "int64", "id": "unk", "label": "unk"}, {"values": [0.8713093709884467, 0.8713093709884467, 1.0, 1.0, 1.0, 1.0, 1.0, 1.0, 1.0, 1.0, 1.0, 1.0, 1.0, 1.0, 1.0, 1.0], "type": "double", "id": "recall", "label": "recall"}, {"values": [0.8659824983255057, 0.8659824983255057, 0.9807721052466722, 0.9991623502399285, 0.9993974235414211, 0.9967234583941655, 0.9973572432576975, 0.9889172206443162, 0.7683642383498835, 0.9807721052466722, 0.9991623502399285, 0.9993974235414211, 0.9967234583941655, 0.9973572432576975, 0.9889172206443162, 0.7683642383498835], "type": "double", "id": "recall_lower", "label": "recall_lower"}, {"values": [0.8764983032832563, 0.8764983032832563, 1.0, 1.0, 1.0, 1.0, 1.0, 1.0, 1.0, 1.0, 1.0, 1.0, 1.0, 1.0, 1.0, 1.0], "type": "double", "id": "recall_upper", "label": "recall_upper"}, {"values": [0.8713093709884467, 0.8713093709884467, 1.0, 1.0, 1.0, 1.0, 1.0, 1.0, 1.0, 1.0, 1.0, 1.0, 1.0, 1.0, 1.0, 1.0], "type": "double", "id": "recall2", "label": "recall2"}, {"values": [0.9951616450406862, 0.9951616450406862, 0.8260869565217391, 0.9972813774354327, 0.9991836734693877, 0.997338065661047, 0.9964260185847034, 1.0, 1.0, 0.8260869565217391, 0.9972813774354327, 0.9991836734693877, 0.997338065661047, 0.9964260185847034, 1.0, 1.0], "type": "double", "id": "precision", "label": "precision"}, {"values": [0.9938894997878358, 0.9938894997878358, 0.77318417575164, 0.9954003344828055, 0.9982115516811925, 0.9929131807073586, 0.99218388792303, 0.9889172206443162, 0.7683642383498835, 0.77318417575164, 0.9954003344828055, 0.9982115516811925, 0.9929131807073586, 0.99218388792303, 0.9889172206443162, 0.7683642383498835], "type": "double", "id": "precision_lower", "label": "precision_lower"}, {"values": [0.9962238387168659, 0.9962238387168659, 0.8708451597146905, 0.9985130188054391, 0.9996884444103575, 0.9992497286638686, 0.9986349932058294, 1.0, 1.0, 0.8708451597146905, 0.9985130188054391, 0.9996884444103575, 0.9992497286638686, 0.9986349932058294, 1.0, 1.0], "type": "double", "id": "precision_upper", "label": "precision_upper"}, {"values": [0.12332904884318766, 0.12332904884318766, 0.7854477611940298, 0.11489873671546019, 0.03452080706179067, 0.1263565891472868, 0.05600539811066127, 0.05965909090909091, 0.36363636363636365, 0.7854477611940298, 0.11489873671546019, 0.03452080706179067, 0.1263565891472868, 0.05600539811066127, 0.05965909090909091, 0.36363636363636365], "type": "double", "id": "na", "label": "na"}, {"values": [0.0, 0.0, 0.0, 0.0, 0.0, 0.0, 0.0, 0.0, 0.0, 0.0, 0.0, 0.0, 0.0, 0.0, 0.0, 0.0], "type": "double", "id": "ambiguous", "label": "ambiguous"}, {"values": [32898860, 32898860, 32898860, 32898860, 32898860, 32898860, 32898860, 32898860, 32898860, 32898860, 32898860, 32898860, 32898860, 32898860, 32898860, 32898860], "type": "int64", "id": "fp.region.size", "label": "fp.region.size"}, {"values": [2.0061485413172373, 2.0061485413172373, 1.2158476007983254, 0.3647542802394977, 0.15198095009979068, 0.09118857005987442, 0.15198095009979068, 0.0, 0.0, 1.2158476007983254, 0.3647542802394977, 0.15198095009979068, 0.09118857005987442, 0.15198095009979068, 0.0, 0.0], "type": "double", "id": "fp.rate", "label": "fp.rate"}], "properties": [], "type": "Table", "id": "result", "label": "result"}], "version": "v0.3.10", "sampleInfo": [], "name": "som.py.comparison", "parameters": [], "timestamp": "Mon Dec 18 13:56:26 2017", "metadata": {"required": {"version": "v0.3.10", "id": "haplotypes", "module": "som.py", "description": "/illumina/sync/software/groups/hap.py/latest/hap.py/hap.py-v0.3.10/bin/som.py generated this JSON file via command line /illumina/sync/software/groups/hap.py/latest/hap.py/hap.py-v0.3.10/bin/som.py /home/mgonzalez/workspace/git/hap.py/example/sompy/PG_admix_truth_grch38_snvs.vcf.gz /home/mgonzalez/workspace/git/hap.py/example/sompy/strelka_grch38_admix_pass_snvs.vcf.gz -o sompy.strelka_grch38_admix_pass_snvs_af -P -f /home/mgonzalez/workspace/git/hap.py/example/sompy/FP_admix_grch38.bed.gz --feature-table hcc.strelka.snv --count-unk --verbose --bin-afs --af-binsize 0.1 --af-truth T_AF"}}}