{"runInfo": [{"value": "/illumina/sync/software/groups/hap.py/latest/hap.py/hap.py-v0.3.10/bin/som.py /home/mgonzalez/workspace/git/hap.py/example/sompy/PG_admix_truth_grch38_indels.vcf.gz /home/mgonzalez/workspace/git/hap.py/example/sompy/strelka_grch38_admix_pass_indels.vcf.gz -o sompy.strelka_grch38_admix_pass_indels_af -P -f /home/mgonzalez/workspace/git/hap.py/example/sompy/FP_admix_grch38.bed.gz --feature-table hcc.strelka.indel --count-unk --verbose --bin-afs --af-binsize 0.1 --af-truth T_AF", "key": "commandline"}], "metrics": [{"data": [{"values": [0, 5, 0, 0, 0, 0, 0, 0, 0, 0, 0, 0, 0, 0], "type": "string", "id": "types", "label": "types"}, {"values": [0, 0, 0, 0, 0, 0, 0, 0, 0, 0, 0, 0, 0, 0], "type": "int64", "id": "ambi", "label": "ambi"}, {"values": [674, 674, 0, 0, 0, 0, 0, 0, 0, 0, 0, 0, 0, 0], "type": "int64", "id": "fn", "label": "fn"}, {"values": [36, 36, 9, 9, 13, 4, 1, 0, 9, 9, 13, 4, 1, 0], "type": "int64", "id": "fp", "label": "fp"}, {"values": [1984, 1984, 56, 540, 982, 194, 168, 43, 56, 540, 982, 194, 168, 43], "type": "int64", "id": "total.query", "label": "total.query"}, {"values": [2274, 2274, 12, 426, 837, 140, 147, 38, 12, 426, 837, 140, 147, 38], "type": "int64", "id": "total.truth", "label": "total.truth"}, {"values": [1600, 1600, 12, 426, 837, 140, 147, 38, 12, 426, 837, 140, 147, 38], "type": "int64", "id": "tp", "label": "tp"}, {"values": ["indels", "records", "records.0.000000-0.100000", "records.0.100000-0.200000", "records.0.200000-0.300000", "records.0.300000-0.400000", "records.0.400000-0.500000", "records.0.500000-0.600000", "indels.0.000000-0.100000", "indels.0.100000-0.200000", "indels.0.200000-0.300000", "indels.0.300000-0.400000", "indels.0.400000-0.500000", "indels.0.500000-0.600000"], "type": "string", "id": "type", "label": "type"}, {"values": [348, 348, 35, 105, 132, 50, 20, 5, 35, 105, 132, 50, 20, 5], "type": "int64", "id": "unk", "label": "unk"}, {"values": [0.7036059806508356, 0.7036059806508356, 1.0, 1.0, 1.0, 1.0, 1.0, 1.0, 1.0, 1.0, 1.0, 1.0, 1.0, 1.0], "type": "double", "id": "recall", "label": "recall"}, {"values": [0.6845864592833382, 0.6845864592833382, 0.7353515306029488, 0.9913780426704333, 0.9956024343471863, 0.9739949706487073, 0.9752178295104192, 0.9074872385841217, 0.7353515306029488, 0.9913780426704333, 0.9956024343471863, 0.9739949706487073, 0.9752178295104192, 0.9074872385841217], "type": "double", "id": "recall_lower", "label": "recall_lower"}, {"values": [0.7221075867247546, 0.7221075867247546, 1.0, 1.0, 1.0, 1.0, 1.0, 1.0, 1.0, 1.0, 1.0, 1.0, 1.0, 1.0], "type": "double", "id": "recall_upper", "label": "recall_upper"}, {"values": [0.7036059806508356, 0.7036059806508356, 1.0, 1.0, 1.0, 1.0, 1.0, 1.0, 1.0, 1.0, 1.0, 1.0, 1.0, 1.0], "type": "double", "id": "recall2", "label": "recall2"}, {"values": [0.9779951100244498, 0.9779951100244498, 0.5714285714285714, 0.9793103448275862, 0.9847058823529412, 0.9722222222222222, 0.9932432432432432, 1.0, 0.5714285714285714, 0.9793103448275862, 0.9847058823529412, 0.9722222222222222, 0.9932432432432432, 1.0], "type": "double", "id": "precision", "label": "precision"}, {"values": [0.9700180229753866, 0.9700180229753866, 0.36205839517358845, 0.9625821867702706, 0.9747274132341969, 0.9353157617644251, 0.968859085563555, 0.9074872385841217, 0.36205839517358845, 0.9625821867702706, 0.9747274132341969, 0.9353157617644251, 0.968859085563555, 0.9074872385841217], "type": "double", "id": "precision_lower", "label": "precision_lower"}, {"values": [0.9842846465944767, 0.9842846465944767, 0.7625570264369239, 0.9897145828694494, 0.9914009686827736, 0.99055273682604, 1.0, 1.0, 0.7625570264369239, 0.9897145828694494, 0.9914009686827736, 0.99055273682604, 1.0, 1.0], "type": "double", "id": "precision_upper", "label": "precision_upper"}, {"values": [0.17540322580645162, 0.17540322580645162, 0.625, 0.19444444444444445, 0.13441955193482688, 0.25773195876288657, 0.11904761904761904, 0.11627906976744186, 0.625, 0.19444444444444445, 0.13441955193482688, 0.25773195876288657, 0.11904761904761904, 0.11627906976744186], "type": "double", "id": "na", "label": "na"}, {"values": [0.0, 0.0, 0.0, 0.0, 0.0, 0.0, 0.0, 0.0, 0.0, 0.0, 0.0, 0.0, 0.0, 0.0], "type": "double", "id": "ambiguous", "label": "ambiguous"}, {"values": [32898860, 32898860, 32898860, 32898860, 32898860, 32898860, 32898860, 32898860, 32898860, 32898860, 32898860, 32898860, 32898860, 32898860], "type": "int64", "id": "fp.region.size", "label": "fp.region.size"}, {"values": [1.094262840718493, 1.094262840718493, 0.2735657101796232, 0.2735657101796232, 0.3951504702594558, 0.12158476007983256, 0.03039619001995814, 0.0, 0.2735657101796232, 0.2735657101796232, 0.3951504702594558, 0.12158476007983256, 0.03039619001995814, 0.0], "type": "double", "id": "fp.rate", "label": "fp.rate"}], "properties": [], "type": "Table", "id": "result", "label": "result"}], "version": "v0.3.10", "sampleInfo": [], "name": "som.py.comparison", "parameters": [], "timestamp": "Mon Dec 18 13:57:37 2017", "metadata": {"required": {"version": "v0.3.10", "id": "haplotypes", "module": "som.py", "description": "/illumina/sync/software/groups/hap.py/latest/hap.py/hap.py-v0.3.10/bin/som.py generated this JSON file via command line /illumina/sync/software/groups/hap.py/latest/hap.py/hap.py-v0.3.10/bin/som.py /home/mgonzalez/workspace/git/hap.py/example/sompy/PG_admix_truth_grch38_indels.vcf.gz /home/mgonzalez/workspace/git/hap.py/example/sompy/strelka_grch38_admix_pass_indels.vcf.gz -o sompy.strelka_grch38_admix_pass_indels_af -P -f /home/mgonzalez/workspace/git/hap.py/example/sompy/FP_admix_grch38.bed.gz --feature-table hcc.strelka.indel --count-unk --verbose --bin-afs --af-binsize 0.1 --af-truth T_AF"}}}