{"runInfo": [{"value": "/illumina/sync/software/groups/hap.py/latest/hap.py/hap.py-v0.3.10/bin/som.py /home/mgonzalez/workspace/git/hap.py/example/sompy/PG_admix_truth_grch38_indels.vcf.gz /home/mgonzalez/workspace/git/hap.py/example/sompy/strelka_grch38_admix_pass_indels.vcf.gz -o sompy.strelka_grch38_admix_pass_indels -P -f /home/mgonzalez/workspace/git/hap.py/example/sompy/FP_admix_grch38.bed.gz --feature-table hcc.strelka.indel --count-unk --verbose", "key": "commandline"}], "metrics": [{"data": [{"values": [0, 5], "type": "string", "id": "types", "label": "types"}, {"values": ["indels", "records"], "type": "string", "id": "type", "label": "type"}, {"values": [2274, 2274], "type": "int64", "id": "total.truth", "label": "total.truth"}, {"values": [1984, 1984], "type": "int64", "id": "total.query", "label": "total.query"}, {"values": [1600, 1600], "type": "int64", "id": "tp", "label": "tp"}, {"values": [36, 36], "type": "int64", "id": "fp", "label": "fp"}, {"values": [674, 674], "type": "int64", "id": "fn", "label": "fn"}, {"values": [348, 348], "type": "int64", "id": "unk", "label": "unk"}, {"values": [0, 0], "type": "int64", "id": "ambi", "label": "ambi"}, {"values": [0.7036059806508356, 0.7036059806508356], "type": "double", "id": "recall", "label": "recall"}, {"values": [0.6845864592833382, 0.6845864592833382], "type": "double", "id": "recall_lower", "label": "recall_lower"}, {"values": [0.7221075867247546, 0.7221075867247546], "type": "double", "id": "recall_upper", "label": "recall_upper"}, {"values": [0.7036059806508356, 0.7036059806508356], "type": "double", "id": "recall2", "label": "recall2"}, {"values": [0.9779951100244498, 0.9779951100244498], "type": "double", "id": "precision", "label": "precision"}, {"values": [0.9700180229753866, 0.9700180229753866], "type": "double", "id": "precision_lower", "label": "precision_lower"}, {"values": [0.9842846465944767, 0.9842846465944767], "type": "double", "id": "precision_upper", "label": "precision_upper"}, {"values": [0.17540322580645162, 0.17540322580645162], "type": "double", "id": "na", "label": "na"}, {"values": [0.0, 0.0], "type": "double", "id": "ambiguous", "label": "ambiguous"}, {"values": [32898860, 32898860], "type": "int64", "id": "fp.region.size", "label": "fp.region.size"}, {"values": [1.094262840718493, 1.094262840718493], "type": "double", "id": "fp.rate", "label": "fp.rate"}], "properties": [], "type": "Table", "id": "result", "label": "result"}], "version": "v0.3.10", "sampleInfo": [], "name": "som.py.comparison", "parameters": [], "timestamp": "Mon Dec 18 08:31:52 2017", "metadata": {"required": {"version": "v0.3.10", "id": "haplotypes", "module": "som.py", "description": "/illumina/sync/software/groups/hap.py/latest/hap.py/hap.py-v0.3.10/bin/som.py generated this JSON file via command line /illumina/sync/software/groups/hap.py/latest/hap.py/hap.py-v0.3.10/bin/som.py /home/mgonzalez/workspace/git/hap.py/example/sompy/PG_admix_truth_grch38_indels.vcf.gz /home/mgonzalez/workspace/git/hap.py/example/sompy/strelka_grch38_admix_pass_indels.vcf.gz -o sompy.strelka_grch38_admix_pass_indels -P -f /home/mgonzalez/workspace/git/hap.py/example/sompy/FP_admix_grch38.bed.gz --feature-table hcc.strelka.indel --count-unk --verbose"}}}