{"runInfo": [{"value": "/illumina/sync/software/groups/hap.py/latest/hap.py/hap.py-v0.3.10/bin/som.py /home/mgonzalez/workspace/git/hap.py/example/sompy/PG_admix_truth_grch38_snvs.vcf.gz /home/mgonzalez/workspace/git/hap.py/example/sompy/strelka_grch38_admix_pass_snvs.vcf.gz -o sompy.strelka_grch38_admix_pass_snvs -P -f /home/mgonzalez/workspace/git/hap.py/example/sompy/FP_admix_grch38.bed.gz --feature-table hcc.strelka.snv --count-unk --verbose", "key": "commandline"}], "metrics": [{"data": [{"values": [1, 5], "type": "string", "id": "types", "label": "types"}, {"values": ["SNVs", "records"], "type": "string", "id": "type", "label": "type"}, {"values": [15580, 15580], "type": "int64", "id": "total.truth", "label": "total.truth"}, {"values": [15560, 15560], "type": "int64", "id": "total.query", "label": "total.query"}, {"values": [13575, 13575], "type": "int64", "id": "tp", "label": "tp"}, {"values": [66, 66], "type": "int64", "id": "fp", "label": "fp"}, {"values": [2005, 2005], "type": "int64", "id": "fn", "label": "fn"}, {"values": [1919, 1919], "type": "int64", "id": "unk", "label": "unk"}, {"values": [0, 0], "type": "int64", "id": "ambi", "label": "ambi"}, {"values": [0.8713093709884467, 0.8713093709884467], "type": "double", "id": "recall", "label": "recall"}, {"values": [0.8659824983255057, 0.8659824983255057], "type": "double", "id": "recall_lower", "label": "recall_lower"}, {"values": [0.8764983032832563, 0.8764983032832563], "type": "double", "id": "recall_upper", "label": "recall_upper"}, {"values": [0.8713093709884467, 0.8713093709884467], "type": "double", "id": "recall2", "label": "recall2"}, {"values": [0.9951616450406862, 0.9951616450406862], "type": "double", "id": "precision", "label": "precision"}, {"values": [0.9938894997878358, 0.9938894997878358], "type": "double", "id": "precision_lower", "label": "precision_lower"}, {"values": [0.9962238387168659, 0.9962238387168659], "type": "double", "id": "precision_upper", "label": "precision_upper"}, {"values": [0.12332904884318766, 0.12332904884318766], "type": "double", "id": "na", "label": "na"}, {"values": [0.0, 0.0], "type": "double", "id": "ambiguous", "label": "ambiguous"}, {"values": [32898860, 32898860], "type": "int64", "id": "fp.region.size", "label": "fp.region.size"}, {"values": [2.0061485413172373, 2.0061485413172373], "type": "double", "id": "fp.rate", "label": "fp.rate"}], "properties": [], "type": "Table", "id": "result", "label": "result"}], "version": "v0.3.10", "sampleInfo": [], "name": "som.py.comparison", "parameters": [], "timestamp": "Mon Dec 18 08:27:36 2017", "metadata": {"required": {"version": "v0.3.10", "id": "haplotypes", "module": "som.py", "description": "/illumina/sync/software/groups/hap.py/latest/hap.py/hap.py-v0.3.10/bin/som.py generated this JSON file via command line /illumina/sync/software/groups/hap.py/latest/hap.py/hap.py-v0.3.10/bin/som.py /home/mgonzalez/workspace/git/hap.py/example/sompy/PG_admix_truth_grch38_snvs.vcf.gz /home/mgonzalez/workspace/git/hap.py/example/sompy/strelka_grch38_admix_pass_snvs.vcf.gz -o sompy.strelka_grch38_admix_pass_snvs -P -f /home/mgonzalez/workspace/git/hap.py/example/sompy/FP_admix_grch38.bed.gz --feature-table hcc.strelka.snv --count-unk --verbose"}}}