,type,total.truth,total.query,tp,fp,fn,unk,ambi,recall,recall_lower,recall_upper,recall2,precision,precision_lower,precision_upper,na,ambiguous,fp.region.size,fp.rate,sompyversion,sompycmd
1,SNVs,15580,15560,13575,66,2005,1919,0,0.871309370988,0.865982498326,0.876498303283,0.871309370988,0.995161645041,0.993889499788,0.996223838717,0.123329048843,0.0,32898860,2.00614854132,som.py-v0.3.10,/illumina/sync/software/groups/hap.py/latest/hap.py/hap.py-v0.3.10/bin/som.py /home/mgonzalez/workspace/git/hap.py/example/sompy/PG_admix_truth_grch38_snvs.vcf.gz /home/mgonzalez/workspace/git/hap.py/example/sompy/strelka_grch38_admix_pass_snvs.vcf.gz -o sompy.strelka_grch38_admix_pass_snvs -P -f /home/mgonzalez/workspace/git/hap.py/example/sompy/FP_admix_grch38.bed.gz --feature-table hcc.strelka.snv --count-unk --verbose
5,records,15580,15560,13575,66,2005,1919,0,0.871309370988,0.865982498326,0.876498303283,0.871309370988,0.995161645041,0.993889499788,0.996223838717,0.123329048843,0.0,32898860,2.00614854132,som.py-v0.3.10,/illumina/sync/software/groups/hap.py/latest/hap.py/hap.py-v0.3.10/bin/som.py /home/mgonzalez/workspace/git/hap.py/example/sompy/PG_admix_truth_grch38_snvs.vcf.gz /home/mgonzalez/workspace/git/hap.py/example/sompy/strelka_grch38_admix_pass_snvs.vcf.gz -o sompy.strelka_grch38_admix_pass_snvs -P -f /home/mgonzalez/workspace/git/hap.py/example/sompy/FP_admix_grch38.bed.gz --feature-table hcc.strelka.snv --count-unk --verbose
