,type,total.truth,total.query,tp,fp,fn,unk,ambi,recall,recall_lower,recall_upper,recall2,precision,precision_lower,precision_upper,na,ambiguous,fp.region.size,fp.rate,sompyversion,sompycmd
1,SNVs,16235,47530,15573,31957,662,0,0,0.959223898984,0.955090484303,0.963088294388,0.959223898984,0.327645697454,0.322117731877,0.333208158145,0.0,0.0,48129895,663.974022798,som.py-v0.2.11-69-gedd8a32,/opt/hap.py/bin//som.py /opt/src/src/sh/../../example/sompy/PG_admix_truth_snvs.vcf.gz /opt/src/src/sh/../../example/sompy/strelka_admix_snvs.vcf.gz -o /tmp/sompy.XjhtvE1EOt -P --ci-level 0.99
5,records,16235,47779,15573,32206,662,0,0,0.959223898984,0.955090484303,0.963088294388,0.959223898984,0.325938173675,0.320432185404,0.331478817262,0.0,0.0,48129895,669.147522553,som.py-v0.2.11-69-gedd8a32,/opt/hap.py/bin//som.py /opt/src/src/sh/../../example/sompy/PG_admix_truth_snvs.vcf.gz /opt/src/src/sh/../../example/sompy/strelka_admix_snvs.vcf.gz -o /tmp/sompy.XjhtvE1EOt -P --ci-level 0.99
