,type,total.truth,total.query,tp,fp,fn,unk,ambi,recall,recall_lower,recall_upper,recall2,precision,precision_lower,precision_upper,na,ambiguous,fp.region.size,fp.rate,sompyversion,sompycmd
1,SNVs,16235,47530,15573,14698,662,17259,0,0.959223898984,0.956099435659,0.962184651921,0.959223898984,0.514452776585,0.508821427833,0.520081361733,0.363118030717,0.0,32984914,445.597645033,som.py-v0.2.11-69-g16713e0,/opt/hap.py/bin//som.py /opt/src/src/sh/../../example/sompy/PG_admix_truth_snvs.vcf.gz /opt/src/src/sh/../../example/sompy/strelka_admix_snvs.vcf.gz -o /tmp/sompy.c10jxNtx2a -P -f /opt/src/src/sh/../../example/sompy/FP_admix.bed.gz --count-unk
5,records,16235,47779,15573,14737,662,17469,0,0.959223898984,0.956099435659,0.962184651921,0.959223898984,0.51379082811,0.508162956728,0.519416065856,0.365620879466,0.0,32984914,446.780003731,som.py-v0.2.11-69-g16713e0,/opt/hap.py/bin//som.py /opt/src/src/sh/../../example/sompy/PG_admix_truth_snvs.vcf.gz /opt/src/src/sh/../../example/sompy/strelka_admix_snvs.vcf.gz -o /tmp/sompy.c10jxNtx2a -P -f /opt/src/src/sh/../../example/sompy/FP_admix.bed.gz --count-unk
